---
source: tests/execution_spec.rs
expression: merged
---
schema @server @upstream @link(src: "tests/graphql/fixtures/link-const.graphql", type: Config) @link(src: "tests/graphql/fixtures/link-enum.graphql", type: Config) {
  query: Query
}
