---
source: tests/execution_spec.rs
expression: errors
---
[
  {
    "message": "Operation news.NewsService.X not found",
    "trace": [
      "Query",
      "news",
      "@grpc"
    ],
    "description": null
  }
]
