---
source: tests/execution_spec.rs
expression: client
---
type Mutation {
  attachPostToUser(postId: Int!, userId: Int!): User
  connectPostToFirstUser(postId: Int!): User
  createPostToFirstUser(input: PostInputWithoutUserId): Post
  insertMockedPost: Post
  insertPost(input: PostInput): Post
  insertPostToUser(input: PostInputWithoutUserId!, userId: Int!): Post
}

type Post {
  body: String
  id: Int
  title: String
  userId: Int
}

input PostInput {
  body: String
  title: String
  userId: Int
}

input PostInputWithoutUserId {
  body: String
  title: String
  userId: Int
}

type Query {
  firstUser: User
  postFromUser(userId: Int!): Post
}

type User {
  id: Int
  name: String
  posts: [Post]
}

schema {
  query: Query
  mutation: Mutation
}
