---
source: tests/execution_spec.rs
expression: merged
---
schema @server @upstream @link(src: "tests/graphql/fixtures/graphql-with-link.graphql", type: Config) {
  query: Query
}
